// Jest Snapshot v1, https://goo.gl/fbAQLP

exports[`MapArea Test should match snap shot 1`] = `
ShallowWrapper {
  "length": 1,
  Symbol(enzyme.__root__): [Circular],
  Symbol(enzyme.__unrendered__): <MapArea />,
  Symbol(enzyme.__renderer__): Object {
    "batchedUpdates": [Function],
    "getNode": [Function],
    "render": [Function],
    "simulateEvent": [Function],
    "unmount": [Function],
  },
  Symbol(enzyme.__node__): Object {
    "instance": null,
    "key": undefined,
    "nodeType": "host",
    "props": Object {
      "children": <withGoogleMap(Component)
        containerElement={
                <div
                        style={
                                Object {
                                        "height": "100%",
                                      }
                        }
                />
        }
        mapElement={
                <div
                        style={
                                Object {
                                        "height": "100%",
                                      }
                        }
                />
        }
/>,
      "className": "map-area",
    },
    "ref": null,
    "rendered": Object {
      "instance": null,
      "key": undefined,
      "nodeType": "class",
      "props": Object {
        "containerElement": <div
          style={
                    Object {
                              "height": "100%",
                            }
          }
/>,
        "mapElement": <div
          style={
                    Object {
                              "height": "100%",
                            }
          }
/>,
      },
      "ref": null,
      "rendered": null,
      "type": [Function],
    },
    "type": "div",
  },
  Symbol(enzyme.__nodes__): Array [
    Object {
      "instance": null,
      "key": undefined,
      "nodeType": "host",
      "props": Object {
        "children": <withGoogleMap(Component)
          containerElement={
                    <div
                              style={
                                        Object {
                                                  "height": "100%",
                                                }
                              }
                    />
          }
          mapElement={
                    <div
                              style={
                                        Object {
                                                  "height": "100%",
                                                }
                              }
                    />
          }
/>,
        "className": "map-area",
      },
      "ref": null,
      "rendered": Object {
        "instance": null,
        "key": undefined,
        "nodeType": "class",
        "props": Object {
          "containerElement": <div
            style={
                        Object {
                                    "height": "100%",
                                  }
            }
/>,
          "mapElement": <div
            style={
                        Object {
                                    "height": "100%",
                                  }
            }
/>,
        },
        "ref": null,
        "rendered": null,
        "type": [Function],
      },
      "type": "div",
    },
  ],
  Symbol(enzyme.__options__): Object {
    "adapter": ReactSixteenAdapter {
      "options": Object {
        "enableComponentDidUpdateOnSetState": true,
      },
    },
  },
}
`;
