// Jest Snapshot v1, https://goo.gl/fbAQLP

exports[`Search Tests should match the snapshot 1`] = `
ShallowWrapper {
  "length": 1,
  Symbol(enzyme.__root__): [Circular],
  Symbol(enzyme.__unrendered__): <Search />,
  Symbol(enzyme.__renderer__): Object {
    "batchedUpdates": [Function],
    "getNode": [Function],
    "render": [Function],
    "simulateEvent": [Function],
    "unmount": [Function],
  },
  Symbol(enzyme.__node__): Object {
    "instance": null,
    "key": undefined,
    "nodeType": "host",
    "props": Object {
      "children": Array [
        <h2
          className="title"
>
          Precinct-Pro
</h2>,
        <div
          className="search-bottom"
>
          <input
                    className="search-bar"
                    onChange={[Function]}
                    placeholder="Search for Address"
                    value=""
          />
          <button
                    onClick={[Function]}
          >
                    Search
          </button>
</div>,
      ],
      "className": "search-area",
    },
    "ref": null,
    "rendered": Array [
      Object {
        "instance": null,
        "key": undefined,
        "nodeType": "host",
        "props": Object {
          "children": "Precinct-Pro",
          "className": "title",
        },
        "ref": null,
        "rendered": "Precinct-Pro",
        "type": "h2",
      },
      Object {
        "instance": null,
        "key": undefined,
        "nodeType": "host",
        "props": Object {
          "children": Array [
            <input
              className="search-bar"
              onChange={[Function]}
              placeholder="Search for Address"
              value=""
/>,
            <button
              onClick={[Function]}
>
              Search
</button>,
          ],
          "className": "search-bottom",
        },
        "ref": null,
        "rendered": Array [
          Object {
            "instance": null,
            "key": undefined,
            "nodeType": "host",
            "props": Object {
              "className": "search-bar",
              "onChange": [Function],
              "placeholder": "Search for Address",
              "value": "",
            },
            "ref": null,
            "rendered": null,
            "type": "input",
          },
          Object {
            "instance": null,
            "key": undefined,
            "nodeType": "host",
            "props": Object {
              "children": "Search",
              "onClick": [Function],
            },
            "ref": null,
            "rendered": "Search",
            "type": "button",
          },
        ],
        "type": "div",
      },
    ],
    "type": "div",
  },
  Symbol(enzyme.__nodes__): Array [
    Object {
      "instance": null,
      "key": undefined,
      "nodeType": "host",
      "props": Object {
        "children": Array [
          <h2
            className="title"
>
            Precinct-Pro
</h2>,
          <div
            className="search-bottom"
>
            <input
                        className="search-bar"
                        onChange={[Function]}
                        placeholder="Search for Address"
                        value=""
            />
            <button
                        onClick={[Function]}
            >
                        Search
            </button>
</div>,
        ],
        "className": "search-area",
      },
      "ref": null,
      "rendered": Array [
        Object {
          "instance": null,
          "key": undefined,
          "nodeType": "host",
          "props": Object {
            "children": "Precinct-Pro",
            "className": "title",
          },
          "ref": null,
          "rendered": "Precinct-Pro",
          "type": "h2",
        },
        Object {
          "instance": null,
          "key": undefined,
          "nodeType": "host",
          "props": Object {
            "children": Array [
              <input
                className="search-bar"
                onChange={[Function]}
                placeholder="Search for Address"
                value=""
/>,
              <button
                onClick={[Function]}
>
                Search
</button>,
            ],
            "className": "search-bottom",
          },
          "ref": null,
          "rendered": Array [
            Object {
              "instance": null,
              "key": undefined,
              "nodeType": "host",
              "props": Object {
                "className": "search-bar",
                "onChange": [Function],
                "placeholder": "Search for Address",
                "value": "",
              },
              "ref": null,
              "rendered": null,
              "type": "input",
            },
            Object {
              "instance": null,
              "key": undefined,
              "nodeType": "host",
              "props": Object {
                "children": "Search",
                "onClick": [Function],
              },
              "ref": null,
              "rendered": "Search",
              "type": "button",
            },
          ],
          "type": "div",
        },
      ],
      "type": "div",
    },
  ],
  Symbol(enzyme.__options__): Object {
    "adapter": ReactSixteenAdapter {
      "options": Object {
        "enableComponentDidUpdateOnSetState": true,
      },
    },
  },
}
`;
